Microchip MPLAB XC8 Compiler V2.40

Linker command line:

-W-3 \
  --edf=C:\Program Files\Microchip\xc8\v2.40\pic\dat\20220703182018_en.msgs \
  -cn -h+dist/default/production\I2C-Master.X.production.sym \
  --cmf=dist/default/production\I2C-Master.X.production.cmf -z -Q16F887 \
  -oC:\Users\aldoa\AppData\Local\Temp\xcAskg8.4 --defsym=__MPLAB_BUILD=1 \
  --fixupoverflow=error \
  -Mdist/default/production/I2C-Master.X.production.map \
  --md=C:\Users\aldoa\AppData\Local\Temp\xcAskg8.dat -E1 -ver=XC8 Compiler \
  --acfsm=1493 -ACODE=00h-07FFhx4 -ASTRCODE=00h-01FFFh -ASTRING=00h-0FFhx32 \
  -ACONST=00h-0FFhx32 -AENTRY=00h-0FFhx32 -ACOMMON=070h-07Fh \
  -ABANK0=020h-06Fh -ABANK1=0A0h-0EFh -ABANK2=0110h-016Fh \
  -ABANK3=0190h-01EFh -ARAM=020h-06Fh,0A0h-0EFh,0110h-016Fh,0190h-01EFh \
  -AABS1=020h-07Fh,0A0h-0EFh,0110h-016Fh,0190h-01EFh -ASFR0=00h-01Fh \
  -ASFR1=080h-09Fh -ASFR2=0100h-010Fh -ASFR3=0180h-018Fh \
  -ACONFIG=02007h-02008h -DCONFIG=2 -AIDLOC=02000h-02003h -DIDLOC=2 \
  -AEEDATA=00h-0FFh/02100h -peeprom_data=EEDATA -DEEDATA=2 -DCODE=2 \
  -DSTRCODE=2 -DSTRING=2 -DCONST=2 -DENTRY=2 \
  -preset_vec=00h,intentry=04h,init,end_init -ppowerup=CODE -pcinit=CODE \
  -pfunctab=ENTRY -k C:\Users\aldoa\AppData\Local\Temp\xcAskg8.o \
  dist/default/production\I2C-Master.X.production.o 

Object code version is 3.11

Machine type is 16F887



                Name                               Link     Load   Length Selector   Space Scale
C:\Users\aldoa\AppData\Local\Temp\xcAskg8.o
                end_init                              C        C        3        8       0
                reset_vec                             0        0        3        0       0
                config                             2007     2007        2        0       4
                idloc                              2000     2000        4        0       5
dist/default/production\I2C-Master.X.production.o
                cinit                                 F        F        F        8       0
                intentry                              4        4        8        8       0
                config                             2007     2007        2        0       4
                idloc                              2000     2000        4        0       5
                text27                              468      468       A2        8       0
                text26                              D4A      D4A       22     1A94       0
                text25                              D30      D30       1A     1A60       0
                text24                              D16      D16        D     1A2C       0
                text23                              F3F      F3F       5D     1E7E       0
                text22                              E98      E98       4C     1D30       0
                text21                              DED      DED       35     1BDA       0
                text20                              D6C      D6C       25     1AD8       0
                text19                              50A      50A       69        8       0
                text18                              EE4      EE4       5B     1DC8       0
                text17                              D23      D23        D     1A46       0
                text16                              CF1      CF1        9     19E2       0
                text15                              CFA      CFA        9     19F4       0
                text14                              D0C      D0C        A     1A18       0
                text13                              E5A      E5A       3E     1CB4       0
                text12                              D91      D91       2E     1B22       0
                text11                              D03      D03        9     1A06       0
                text10                              7D4      7D4       25        8       0
                text9                               76F      76F       65        8       0
                text8                               70A      70A       65        8       0
                text7                               6A5      6A5       65        8       0
                text6                               640      640       65        8       0
                text5                               5DB      5DB       65        8       0
                text4                               F9C      F9C       64     1F38       0
                text3                               573      573       68        8       0
                text2                               E22      E22       38     1C44       0
                text1                               DBF      DBF       2E     1B7E       0
                maintext                             1E       1E      44A        8       0
                cstackBANK0                          3F       3F       10       20       1
                cstackCOMMON                         70       70        A       70       1
                clrtext                             CE9      CE9        8     19D2       0
                bssBANK0                             20       20       1F       20       1
                bssCOMMON                            7A       7A        2       70       1
                strings                             800      800        D     1000       0

TOTAL           Name                               Link     Load   Length     Space
        CLASS   CODE           
                end_init                              C        C        3         0
                cinit                                 F        F        F         0
                intentry                              4        4        8         0
                reset_vec                             0        0        3         0
                text27                              468      468       A2         0
                text26                              D4A      D4A       22         0
                text25                              D30      D30       1A         0
                text24                              D16      D16        D         0
                text23                              F3F      F3F       5D         0
                text22                              E98      E98       4C         0
                text21                              DED      DED       35         0
                text20                              D6C      D6C       25         0
                text19                              50A      50A       69         0
                text18                              EE4      EE4       5B         0
                text17                              D23      D23        D         0
                text16                              CF1      CF1        9         0
                text15                              CFA      CFA        9         0
                text14                              D0C      D0C        A         0
                text13                              E5A      E5A       3E         0
                text12                              D91      D91       2E         0
                text11                              D03      D03        9         0
                text10                              7D4      7D4       25         0
                text9                               76F      76F       65         0
                text8                               70A      70A       65         0
                text7                               6A5      6A5       65         0
                text6                               640      640       65         0
                text5                               5DB      5DB       65         0
                text4                               F9C      F9C       64         0
                text3                               573      573       68         0
                text2                               E22      E22       38         0
                text1                               DBF      DBF       2E         0
                maintext                             1E       1E      44A         0
                clrtext                             CE9      CE9        8         0

        CLASS   STRCODE        

        CLASS   STRING         
                strings                             800      800        D         0

        CLASS   CONST          

        CLASS   ENTRY          

        CLASS   COMMON         
                cstackCOMMON                         70       70        A         1
                bssCOMMON                            7A       7A        2         1

        CLASS   BANK0          
                cstackBANK0                          3F       3F       10         1
                bssBANK0                             20       20       1F         1

        CLASS   BANK1          

        CLASS   BANK2          

        CLASS   BANK3          

        CLASS   RAM            

        CLASS   ABS1           
                abs_s1                               7E       7E        2         1

        CLASS   SFR0           

        CLASS   SFR1           

        CLASS   SFR2           

        CLASS   SFR3           

        CLASS   CONFIG         
                config                             2007     2007        2         4

        CLASS   IDLOC          
                idloc                              2000     2000        4         5

        CLASS   EEDATA         

        CLASS   STACK          



SEGMENTS        Name                           Load    Length   Top    Selector   Space  Class     Delta

                reset_vec                      000000  000003  000003         0       0  CODE        2
                intentry                       000004  0007F5  0007F9         8       0  CODE        2
                bssBANK0                       000020  00002F  00004F        20       1  BANK0       1
                cstackCOMMON                   000070  00000C  00007C        70       1  COMMON      1
                strings                        000800  00000D  00080D      1000       0  STRING      2
                clrtext                        000CE9  000008  000CF1      19D2       0  CODE        2
                text16                         000CF1  000009  000CFA      19E2       0  CODE        2
                text15                         000CFA  000009  000D03      19F4       0  CODE        2
                text11                         000D03  000009  000D0C      1A06       0  CODE        2
                text14                         000D0C  00000A  000D16      1A18       0  CODE        2
                text24                         000D16  00000D  000D23      1A2C       0  CODE        2
                text17                         000D23  00000D  000D30      1A46       0  CODE        2
                text25                         000D30  00001A  000D4A      1A60       0  CODE        2
                text26                         000D4A  000022  000D6C      1A94       0  CODE        2
                text20                         000D6C  000025  000D91      1AD8       0  CODE        2
                text12                         000D91  00002E  000DBF      1B22       0  CODE        2
                text1                          000DBF  00002E  000DED      1B7E       0  CODE        2
                text21                         000DED  000035  000E22      1BDA       0  CODE        2
                text2                          000E22  000038  000E5A      1C44       0  CODE        2
                text13                         000E5A  00003E  000E98      1CB4       0  CODE        2
                text22                         000E98  00004C  000EE4      1D30       0  CODE        2
                text18                         000EE4  00005B  000F3F      1DC8       0  CODE        2
                text23                         000F3F  00005D  000F9C      1E7E       0  CODE        2
                text4                          000F9C  000064  001000      1F38       0  CODE        2


UNUSED ADDRESS RANGES

        Name                Unused          Largest block    Delta
        BANK0            004F-006F             21           1
        BANK1            00A0-00EF             50           1
        BANK2            0110-016F             60           1
        BANK3            0190-01EF             60           1
        CODE             0003-0003              1           2
                         07F9-07FF              7
                         080D-0CE8            4DC
                         1000-1FFF            800
        COMMON           007C-007D              2           1
        CONST            0003-0003              1           2
                         07F9-07FF              7
                         080D-0CE8            100
                         1000-1FFF            100
        EEDATA           2100-21FF            100           2
        ENTRY            0003-0003              1           2
                         07F9-07FF              7
                         080D-0CE8            100
                         1000-1FFF            100
        RAM              004F-006F             21           1
                         00A0-00EF             50
                         0110-016F             60
                         0190-01EF             60
        SFR0             0000-001F             20           1
        SFR1             0080-009F             20           1
        SFR2             0100-010F             10           1
        SFR3             0180-018F             10           1
        STRCODE          0003-0003              1           2
                         07F9-07FF              7
                         080D-0CE8            4DC
                         1000-1FFF           1000
        STRING           0003-0003              1           2
                         07F9-07FF              7
                         080D-0CE8            100
                         1000-1FFF            100

                                  Symbol Table

?_I2C_Master_Read                 cstackCOMMON 0072
?___awdiv                         cstackCOMMON 0072
?___awmod                         cstackBANK0  0043
?___lldiv                         cstackCOMMON 0072
?___wmul                          cstackCOMMON 0072
?_leer_anio                       cstackCOMMON 0078
?_leer_dia                        cstackCOMMON 0078
?_leer_hora                       cstackCOMMON 0078
?_leer_mes                        cstackCOMMON 0078
?_leer_min                        cstackCOMMON 0078
?_leer_seg                        cstackCOMMON 0078
I2C_Master_Init@c                 cstackBANK0  0045
I2C_Master_Read@a                 cstackCOMMON 0072
I2C_Master_Read@temp              cstackCOMMON 0076
I2C_Master_Write@d                cstackCOMMON 0072
Lcd_Cmd@a                         cstackCOMMON 0075
Lcd_Port@a                        cstackCOMMON 0072
Lcd_Set_Cursor@a                  cstackBANK0  003F
Lcd_Set_Cursor@b                  cstackCOMMON 0076
Lcd_Set_Cursor@temp               cstackBANK0  0042
Lcd_Set_Cursor@y                  cstackBANK0  0041
Lcd_Set_Cursor@z                  cstackBANK0  0040
Lcd_Write_Char@a                  cstackCOMMON 0076
Lcd_Write_Char@temp               cstackCOMMON 0074
Lcd_Write_Char@y                  cstackCOMMON 0075
Lcd_Write_String@a                cstackCOMMON 0079
Lcd_Write_String@i                cstackCOMMON 0077
_ADC                              bssBANK0     003E
_ADCON0                           (abs)        001F
_ADCON0bits                       (abs)        001F
_ADCON1bits                       (abs)        009F
_ADRESH                           (abs)        001E
_ANSEL                            (abs)        0188
_ANSELH                           (abs)        0189
_GIE                              (abs)        005F
_I2C_Master_Init                  text2        0E22
_I2C_Master_Read                  text12       0D91
_I2C_Master_RepeatedStart         text11       0D03
_I2C_Master_Start                 text16       0CF1
_I2C_Master_Stop                  text15       0CFA
_I2C_Master_Wait                  text17       0D23
_I2C_Master_Write                 text14       0D0C
_INTCONbits                       (abs)        000B
_IOCB                             (abs)        0096
_Lcd_Clear                        text24       0D16
_Lcd_Cmd                          text25       0D30
_Lcd_Init                         text23       0F3F
_Lcd_Port                         text26       0D4A
_Lcd_Set_Cursor                   text22       0E98
_Lcd_Write_Char                   text21       0DED
_Lcd_Write_String                 text20       0D6C
_OPTION_REGbits                   (abs)        0081
_OSCCONbits                       (abs)        008F
_PEIE                             (abs)        005E
_PORTA                            (abs)        0005
_PORTAbits                        (abs)        0005
_PORTB                            (abs)        0006
_PORTBbits                        (abs)        0006
_PORTD                            (abs)        0008
_PORTDbits                        (abs)        0008
_RD3                              (abs)        0043
_RD4                              (abs)        0044
_RD5                              (abs)        0045
_RD6                              (abs)        0046
_RD7                              (abs)        0047
_SSPADD                           (abs)        0093
_SSPBUF                           (abs)        0013
_SSPCON                           (abs)        0014
_SSPCON2                          (abs)        0091
_SSPCON2bits                      (abs)        0091
_SSPIE                            (abs)        0463
_SSPIF                            (abs)        0063
_SSPSTAT                          (abs)        0094
_TRISA                            (abs)        0085
_TRISB                            (abs)        0086
_TRISC3                           (abs)        043B
_TRISC4                           (abs)        043C
_TRISCbits                        (abs)        0087
_TRISD                            (abs)        0088
_WPUBbits                         (abs)        0095
__Habs1                           abs1         0000
__Hbank0                          bank0        0000
__Hbank1                          bank1        0000
__Hbank2                          bank2        0000
__Hbank3                          bank3        0000
__HbssBANK0                       bssBANK0     0000
__HbssCOMMON                      bssCOMMON    0000
__Hcinit                          cinit        001E
__Hclrtext                        clrtext      0000
__Hcode                           code         0000
__Hcommon                         common       0000
__Hconfig                         config       2009
__HcstackBANK0                    cstackBANK0  0000
__HcstackCOMMON                   cstackCOMMON 0000
__Heeprom_data                    eeprom_data  0000
__Hend_init                       end_init     000F
__Hfunctab                        functab      0000
__Hidloc                          idloc        2004
__Hinit                           init         000C
__Hintentry                       intentry     000C
__Hmaintext                       maintext     0000
__Hpowerup                        powerup      0000
__Hram                            ram          0000
__Hreset_vec                      reset_vec    0003
__Hsfr0                           sfr0         0000
__Hsfr1                           sfr1         0000
__Hsfr2                           sfr2         0000
__Hsfr3                           sfr3         0000
__Hspace_0                        (abs)        1000
__Hspace_1                        (abs)        007C
__Hspace_2                        (abs)        0000
__Hspace_3                        (abs)        0000
__Hspace_4                        (abs)        4010
__Hstack                          stack        0000
__Hstrings                        strings      0000
__Htext                           text         0000
__Labs1                           abs1         0000
__Lbank0                          bank0        0000
__Lbank1                          bank1        0000
__Lbank2                          bank2        0000
__Lbank3                          bank3        0000
__LbssBANK0                       bssBANK0     0000
__LbssCOMMON                      bssCOMMON    0000
__Lcinit                          cinit        000F
__Lclrtext                        clrtext      0000
__Lcode                           code         0000
__Lcommon                         common       0000
__Lconfig                         config       0000
__LcstackBANK0                    cstackBANK0  0000
__LcstackCOMMON                   cstackCOMMON 0000
__Leeprom_data                    eeprom_data  0000
__Lend_init                       end_init     000C
__Lfunctab                        functab      0000
__Lidloc                          idloc        0000
__Linit                           init         000C
__Lintentry                       intentry     0004
__Lmaintext                       maintext     0000
__Lpowerup                        powerup      0000
__Lram                            ram          0000
__Lreset_vec                      reset_vec    0000
__Lsfr0                           sfr0         0000
__Lsfr1                           sfr1         0000
__Lsfr2                           sfr2         0000
__Lsfr3                           sfr3         0000
__Lspace_0                        (abs)        0000
__Lspace_1                        (abs)        0000
__Lspace_2                        (abs)        0000
__Lspace_3                        (abs)        0000
__Lspace_4                        (abs)        0000
__Lstack                          stack        0000
__Lstrings                        strings      0000
__Ltext                           text         0000
__S0                              (abs)        1000
__S1                              (abs)        007C
__S3                              (abs)        0000
___awdiv                          text19       050A
___awdiv@counter                  cstackBANK0  003F
___awdiv@dividend                 cstackCOMMON 0074
___awdiv@divisor                  cstackCOMMON 0072
___awdiv@quotient                 cstackBANK0  0041
___awdiv@sign                     cstackBANK0  0040
___awmod                          text18       0EE4
___awmod@counter                  cstackCOMMON 0078
___awmod@dividend                 cstackBANK0  0045
___awmod@divisor                  cstackBANK0  0043
___awmod@sign                     cstackCOMMON 0079
___int_sp                         stack        0000
___latbits                        (abs)        0002
___lldiv                          text3        0573
___lldiv@counter                  cstackBANK0  0044
___lldiv@dividend                 cstackCOMMON 0076
___lldiv@divisor                  cstackCOMMON 0072
___lldiv@quotient                 cstackBANK0  0040
___sp                             stack        0000
___stackhi                        (abs)        0000
___stacklo                        (abs)        0000
___wmul                           text10       07D4
___wmul@multiplicand              cstackCOMMON 0074
___wmul@multiplier                cstackCOMMON 0072
___wmul@product                   cstackCOMMON 0076
__end_of_I2C_Master_Init          text2        0E5A
__end_of_I2C_Master_Read          text12       0DBF
__end_of_I2C_Master_RepeatedStart text11       0D0C
__end_of_I2C_Master_Start         text16       0CFA
__end_of_I2C_Master_Stop          text15       0D03
__end_of_I2C_Master_Wait          text17       0D30
__end_of_I2C_Master_Write         text14       0D16
__end_of_Lcd_Clear                text24       0D23
__end_of_Lcd_Cmd                  text25       0D4A
__end_of_Lcd_Init                 text23       0F9C
__end_of_Lcd_Port                 text26       0D6C
__end_of_Lcd_Set_Cursor           text22       0EE4
__end_of_Lcd_Write_Char           text21       0E22
__end_of_Lcd_Write_String         text20       0D91
__end_of___awdiv                  text19       0573
__end_of___awmod                  text18       0F3F
__end_of___lldiv                  text3        05DB
__end_of___wmul                   text10       07F9
__end_of__initialization          cinit        001A
__end_of__stringtab               strings      0806
__end_of_enviar_fecha             text13       0E98
__end_of_isr                      text27       050A
__end_of_leer_anio                text9        07D4
__end_of_leer_dia                 text8        076F
__end_of_leer_hora                text7        070A
__end_of_leer_mes                 text6        06A5
__end_of_leer_min                 text5        0640
__end_of_leer_seg                 text4        1000
__end_of_main                     maintext     0468
__end_of_setup                    text1        0DED
__initialization                  cinit        000F
__pbssBANK0                       bssBANK0     0020
__pbssCOMMON                      bssCOMMON    007A
__pcstackBANK0                    cstackBANK0  003F
__pcstackCOMMON                   cstackCOMMON 0070
__pintentry                       intentry     0004
__pmaintext                       maintext     001E
__pstrings                        strings      0800
__ptext1                          text1        0DBF
__ptext10                         text10       07D4
__ptext11                         text11       0D03
__ptext12                         text12       0D91
__ptext13                         text13       0E5A
__ptext14                         text14       0D0C
__ptext15                         text15       0CFA
__ptext16                         text16       0CF1
__ptext17                         text17       0D23
__ptext18                         text18       0EE4
__ptext19                         text19       050A
__ptext2                          text2        0E22
__ptext20                         text20       0D6C
__ptext21                         text21       0DED
__ptext22                         text22       0E98
__ptext23                         text23       0F3F
__ptext24                         text24       0D16
__ptext25                         text25       0D30
__ptext26                         text26       0D4A
__ptext27                         text27       0468
__ptext3                          text3        0573
__ptext4                          text4        0F9C
__ptext5                          text5        05DB
__ptext6                          text6        0640
__ptext7                          text7        06A5
__ptext8                          text8        070A
__ptext9                          text9        076F
__stringbase                      strings      0805
__stringtab                       strings      0800
_anio                             bssBANK0     0022
_centenas                         bssBANK0     003D
_contador                         bssCOMMON    007A
_d_anio                           bssBANK0     002F
_d_dia                            bssBANK0     0033
_d_hora                           bssBANK0     0035
_d_mes                            bssBANK0     0031
_d_min                            bssBANK0     0037
_d_sec                            bssBANK0     0039
_decenas                          bssBANK0     003C
_dia                              bssBANK0     0026
_enviar_fecha                     text13       0E5A
_flag                             bssBANK0     0020
_hora                             bssBANK0     0028
_isr                              text27       0468
_leer_anio                        text9        076F
_leer_dia                         text8        070A
_leer_hora                        text7        06A5
_leer_mes                         text6        0640
_leer_min                         text5        05DB
_leer_seg                         text4        0F9C
_main                             maintext     001E
_mes                              bssBANK0     0024
_min                              bssBANK0     002A
_sec                              bssBANK0     002C
_setup                            text1        0DBF
_u_anio                           bssBANK0     0030
_u_dia                            bssBANK0     0034
_u_hora                           bssBANK0     0036
_u_mes                            bssBANK0     0032
_u_min                            bssBANK0     0038
_u_sec                            bssBANK0     003A
_unidad                           bssBANK0     003B
btemp                             (abs)        007E
clear_ram0                        clrtext      0CE9
end_of_initialization             cinit        001A
interrupt_function                intentry     0004
intlevel0                         functab      0000
intlevel1                         functab      0000
intlevel2                         functab      0000
intlevel3                         functab      0000
intlevel4                         functab      0000
intlevel5                         functab      0000
reset_vec                         reset_vec    0000
saved_w                           (abs)        007E
start                             init         000C
start_initialization              cinit        000F
wtemp0                            (abs)        007E


MODULE INFORMATION

Module		Function		Class		Link	Load	Size
DS3232.c
		_leer_hora     		CODE           	06A5	0000	101
		_leer_dia      		CODE           	070A	0000	101
		_leer_min      		CODE           	05DB	0000	101
		_leer_mes      		CODE           	0640	0000	101
		_leer_seg      		CODE           	0F9C	0000	100
		_leer_anio     		CODE           	076F	0000	101
		_enviar_fecha  		CODE           	0E5A	0000	62

DS3232.c estimated size: 667

C:\Program Files\Microchip\xc8\v2.40\pic\sources\c90\common\awdiv.c
		___awdiv       		CODE           	050A	0000	105

C:\Program Files\Microchip\xc8\v2.40\pic\sources\c90\common\awdiv.c estimated size: 105

I2C.c
		_I2C_Master_Read		CODE           	0D91	0000	46
		_I2C_Master_Wait		CODE           	0D23	0000	13
		_I2C_Master_Init		CODE           	0E22	0000	56
		_I2C_Master_Stop		CODE           	0CFA	0000	9
		_I2C_Master_RepeatedStart		CODE           	0D03	0000	9
		_I2C_Master_Write		CODE           	0D0C	0000	10
		_I2C_Master_Start		CODE           	0CF1	0000	9

I2C.c estimated size: 152

C:\Program Files\Microchip\xc8\v2.40\pic\sources\c90\common\__lldiv.c
		___lldiv       		CODE           	0573	0000	104

C:\Program Files\Microchip\xc8\v2.40\pic\sources\c90\common\__lldiv.c estimated size: 104

C:\Program Files\Microchip\xc8\v2.40\pic\sources\c90\common\Umul16.c
		___wmul        		CODE           	07D4	0000	37

C:\Program Files\Microchip\xc8\v2.40\pic\sources\c90\common\Umul16.c estimated size: 37

shared
		__stringtab    		STRING         	0800	0000	6
		__initialization		CODE           	000F	0000	11

shared estimated size: 17

C:\Program Files\Microchip\xc8\v2.40\pic\sources\c90\common\awmod.c
		___awmod       		CODE           	0EE4	0000	91

C:\Program Files\Microchip\xc8\v2.40\pic\sources\c90\common\awmod.c estimated size: 91

main.c
		_main          		CODE           	001E	0000	1098
		_isr           		CODE           	0468	0000	162
		_setup         		CODE           	0DBF	0000	46

main.c estimated size: 1306

LCD.c
		_Lcd_Write_String		CODE           	0D6C	0000	37
		_Lcd_Init      		CODE           	0F3F	0000	93
		_Lcd_Write_Char		CODE           	0DED	0000	53
		_Lcd_Cmd       		CODE           	0D30	0000	26
		_Lcd_Set_Cursor		CODE           	0E98	0000	76
		_Lcd_Clear     		CODE           	0D16	0000	13
		_Lcd_Port      		CODE           	0D4A	0000	34

LCD.c estimated size: 332

